LossType,Unit,Mean,Standard Deviation
structural,USD,5.7221842E+02,3.4015918E+02
