LossType,Unit,Asset,Mean,Standard Deviation
structural,USD,a1,1.3746949E+02,5.9539054E+01
structural,USD,a2,1.9249157E+02,2.0961370E+02
structural,USD,a3,2.4225736E+02,2.6345911E+02
