<?xml version="1.0" encoding="utf-8"?>
<nrml
xmlns="http://openquake.org/xmlns/nrml/0.5"
xmlns:gml="http://www.opengis.net/gml"
>
    <dmgDistPerAsset>
        <damageStates>
            no_damage LS1 LS2
        </damageStates>
        <DDNode>
            <gml:Point>
                <gml:pos>
                    15.48 38.09
                </gml:pos>
            </gml:Point>
            <asset
            assetRef="a1"
            >
                <damage
                ds="no_damage"
                mean="6.7325253E+02"
                stddev="6.6195278E+02"
                >
                    no_damage 673.25253 661.95278
                </damage>
                <damage
                ds="LS1"
                mean="1.3969328E+03"
                stddev="4.1078342E+02"
                >
                    LS1 1396.9328 410.78342
                </damage>
                <damage
                ds="LS2"
                mean="9.2981466E+02"
                stddev="7.4053234E+02"
                >
                    LS2 929.81466 740.53234
                </damage>
            </asset>
        </DDNode>
        <DDNode>
            <gml:Point>
                <gml:pos>
                    15.48 38.25
                </gml:pos>
            </gml:Point>
            <asset
            assetRef="a3"
            >
                <damage
                ds="no_damage"
                mean="5.0540005E+01"
                stddev="7.0799049E+01"
                >
                    no_damage 50.540005 70.799049
                </damage>
                <damage
                ds="LS1"
                mean="3.5977744E+02"
                stddev="1.6248889E+02"
                >
                    LS1 359.77744 162.48889
                </damage>
                <damage
                ds="LS2"
                mean="5.8968255E+02"
                stddev="2.2115860E+02"
                >
                    LS2 589.68255 221.1586
                </damage>
            </asset>
        </DDNode>
        <DDNode>
            <gml:Point>
                <gml:pos>
                    15.56 38.17
                </gml:pos>
            </gml:Point>
            <asset
            assetRef="a2"
            >
                <damage
                ds="no_damage"
                mean="9.9863273E+02"
                stddev="4.9148433E+02"
                >
                    no_damage 998.63273 491.48433
                </damage>
                <damage
                ds="LS1"
                mean="7.2000719E+02"
                stddev="2.4963548E+02"
                >
                    LS1 720.00719 249.63548
                </damage>
                <damage
                ds="LS2"
                mean="2.8136008E+02"
                stddev="2.5064592E+02"
                >
                    LS2 281.36008 250.64592
                </damage>
            </asset>
        </DDNode>
    </dmgDistPerAsset>
</nrml>
