<?xml version="1.0" encoding="utf-8"?>
<nrml
xmlns="http://openquake.org/xmlns/nrml/0.5"
xmlns:gml="http://www.opengis.net/gml"
>
    <dmgDistPerTaxonomy>
        <damageStates>
            no_damage LS1 LS2
        </damageStates>
        <DDNode>
            <taxonomy>
                RC
            </taxonomy>
            <damage
            ds="no_damage"
            mean="9.9863273E+02"
            stddev="4.9148433E+02"
            >
                no_damage 998.63273 491.48433
            </damage>
            <damage
            ds="LS1"
            mean="7.2000719E+02"
            stddev="2.4963548E+02"
            >
                LS1 720.00719 249.63548
            </damage>
            <damage
            ds="LS2"
            mean="2.8136008E+02"
            stddev="2.5064592E+02"
            >
                LS2 281.36008 250.64592
            </damage>
        </DDNode>
        <DDNode>
            <taxonomy>
                RM
            </taxonomy>
            <damage
            ds="no_damage"
            mean="7.2379254E+02"
            stddev="6.7015133E+02"
            >
                no_damage 723.79254 670.15133
            </damage>
            <damage
            ds="LS1"
            mean="1.7567103E+03"
            stddev="5.3659183E+02"
            >
                LS1 1756.7103 536.59183
            </damage>
            <damage
            ds="LS2"
            mean="1.5194972E+03"
            stddev="8.7259437E+02"
            >
                LS2 1519.4972 872.59437
            </damage>
        </DDNode>
    </dmgDistPerTaxonomy>
</nrml>
