<?xml version="1.0" encoding="utf-8"?>
<nrml
xmlns="http://openquake.org/xmlns/nrml/0.5"
xmlns:gml="http://www.opengis.net/gml"
>
    <hazardCurves
    IMT="PGA"
    gsimTreePath="ChiouYoungs2008 *"
    investigationTime="1.0"
    sourceModelTreePath="source model 2"
    >
        <IMLs>
            0.005 0.007 0.0098 0.0137 0.0192 0.0269 0.0376 0.0527 0.0738 0.103 0.145 0.203 0.284 0.397 0.556 0.778 1.09 1.52 2.13
        </IMLs>
        <hazardCurve>
            <gml:Point>
                <gml:pos>
                    0.0 0.0
                </gml:pos>
            </gml:Point>
            <poEs>
                0.08716041726 0.08262681246 0.07622208213 0.06829438551 0.05938756943 0.05032004298 0.04177136501 0.0339840716 0.02714261433 0.02118444675 0.01576967874 0.01108105242 0.007124788184 0.004063877592 0.001976009051 0.0007929122964 0.0002484514299 5.696402302e-05 6.152264264e-06
            </poEs>
        </hazardCurve>
        <hazardCurve>
            <gml:Point>
                <gml:pos>
                    -3.0 -3.0
                </gml:pos>
            </gml:Point>
            <poEs>
                0.0 0.0 0.0 0.0 0.0 0.0 0.0 0.0 0.0 0.0 0.0 0.0 0.0 0.0 0.0 0.0 0.0 0.0 0.0
            </poEs>
        </hazardCurve>
    </hazardCurves>
</nrml>
