<?xml version="1.0" encoding="utf-8"?>
<nrml
xmlns="http://openquake.org/xmlns/nrml/0.5"
xmlns:gml="http://www.opengis.net/gml"
>
    <hazardCurves
    IMT="PGA"
    gsimTreePath="BooreAtkinson2008 YoungsEtAl1997SSlab"
    investigationTime="1.0"
    sourceModelTreePath="source model 1"
    >
        <IMLs>
            0.005 0.007 0.0098 0.0137 0.0192 0.0269 0.0376 0.0527 0.0738 0.103 0.145 0.203 0.284 0.397 0.556 0.778 1.09 1.52 2.13
        </IMLs>
        <hazardCurve>
            <gml:Point>
                <gml:pos>
                    0.0 0.0
                </gml:pos>
            </gml:Point>
            <poEs>
                0.100054356 0.097774667 0.09252766926 0.08306528232 0.06921600447 0.05279324185 0.03667161101 0.02300200729 0.01306710707 0.006748261083 0.003065620884 0.001248816442 0.0004441564675 0.0001334536256 3.057828088e-05 4.406575016e-06 2.122266722e-07 0.0 0.0
            </poEs>
        </hazardCurve>
        <hazardCurve>
            <gml:Point>
                <gml:pos>
                    -3.0 -3.0
                </gml:pos>
            </gml:Point>
            <poEs>
                0.0914595129 0.08935738774 0.08441852624 0.0754429277 0.06230993215 0.0468408016 0.03185157434 0.01939361899 0.01058996834 0.00519545417 0.002201142986 0.000816255373 0.000254680941 6.407458527e-05 1.170239312e-05 1.391664926e-06 4.185330438e-08 0.0 0.0
            </poEs>
        </hazardCurve>
    </hazardCurves>
</nrml>
