<?xml version="1.0" encoding="utf-8"?>
<nrml
xmlns="http://openquake.org/xmlns/nrml/0.5"
xmlns:gml="http://www.opengis.net/gml"
>
    <hazardCurves
    IMT="PGA"
    gsimTreePath="ChiouYoungs2008 YoungsEtAl1997SSlab"
    investigationTime="1.0"
    sourceModelTreePath="source model 1"
    >
        <IMLs>
            0.005 0.007 0.0098 0.0137 0.0192 0.0269 0.0376 0.0527 0.0738 0.103 0.145 0.203 0.284 0.397 0.556 0.778 1.09 1.52 2.13
        </IMLs>
        <hazardCurve>
            <gml:Point>
                <gml:pos>
                    0.0 0.0
                </gml:pos>
            </gml:Point>
            <poEs>
                0.09650740878 0.09136297068 0.08319982455 0.07215238103 0.0590133424 0.04537883239 0.03284655006 0.02228877608 0.01424806765 0.008609320857 0.00478405662 0.002458150093 0.001126458731 0.000442093023 0.0001392795269 3.274951411e-05 3.942905745e-06 5.621327626e-08 0.0
            </poEs>
        </hazardCurve>
        <hazardCurve>
            <gml:Point>
                <gml:pos>
                    -3.0 -3.0
                </gml:pos>
            </gml:Point>
            <poEs>
                0.08787606941 0.08288316844 0.0750056101 0.0644391111 0.05203248131 0.03938098101 0.02800827857 0.01867831489 0.01177431199 0.007059889848 0.003921561008 0.00202644481 0.0009372107606 0.000372697791 0.0001203355769 2.9694524e-05 3.75323344e-06 5.348021015e-08 0.0
            </poEs>
        </hazardCurve>
    </hazardCurves>
</nrml>
