<?xml version="1.0" encoding="utf-8"?>
<nrml
xmlns="http://openquake.org/xmlns/nrml/0.5"
xmlns:gml="http://www.opengis.net/gml"
>
    <hazardCurves
    IMT="PGA"
    gsimTreePath="BooreAtkinson2008 *"
    investigationTime="1.0"
    sourceModelTreePath="source model 2"
    >
        <IMLs>
            0.005 0.007 0.0098 0.0137 0.0192 0.0269 0.0376 0.0527 0.0738 0.103 0.145 0.203 0.284 0.397 0.556 0.778 1.09 1.52 2.13
        </IMLs>
        <hazardCurve>
            <gml:Point>
                <gml:pos>
                    0.0 0.0
                </gml:pos>
            </gml:Point>
            <poEs>
                0.09133784609 0.08931696164 0.08505022417 0.07793112841 0.06805590313 0.05652639412 0.04482570122 0.03399755589 0.02491175271 0.01780710469 0.01223575534 0.008037814583 0.004829797227 0.002533662223 0.001102173894 0.0003828183695 9.885293871e-05 1.68654872e-05 1.128948576e-06
            </poEs>
        </hazardCurve>
        <hazardCurve>
            <gml:Point>
                <gml:pos>
                    -3.0 -3.0
                </gml:pos>
            </gml:Point>
            <poEs>
                0.0 0.0 0.0 0.0 0.0 0.0 0.0 0.0 0.0 0.0 0.0 0.0 0.0 0.0 0.0 0.0 0.0 0.0 0.0
            </poEs>
        </hazardCurve>
    </hazardCurves>
</nrml>
