col=04|ses=0001|src=1339-26|rup=001-01,17 19 26,3.84976988E-01 9.50752797E-02 1.76538887E-03
col=04|ses=0001|src=258-16|rup=001-01,67 68 72 75 78,6.25243414E-02 3.55064013E-03 2.97331735E-03 5.43322495E-03 4.81534183E-03
col=04|ses=0001|src=338-8|rup=003-01,17 19 26 32 33 43,8.75635023E-03 3.39782026E-02 2.37415507E-02 3.71844199E-02 2.49621976E-02 3.53085661E-03
