col=04|ses=0001|src=1339-26|rup=001-01,17 19 26,1.95982073E-01 4.24736461E-02 3.66304517E-04
col=04|ses=0001|src=258-16|rup=001-01,67 68 72 75 78,2.80037779E-02 9.03271972E-04 7.21456611E-04 1.51105084E-03 1.29919721E-03
col=04|ses=0001|src=338-8|rup=003-01,17 19 26 32 33 43,3.02009841E-03 1.47497510E-02 9.74073733E-03 1.68616961E-02 1.06615976E-02 1.12357179E-03
