col=04|ses=0001|src=1339-26|rup=001-01,17 19 26,1.67364405E-01 4.42053856E-02 8.55264801E-04
col=04|ses=0001|src=258-16|rup=001-01,67 68 72 75 78,4.11062209E-02 2.60269164E-03 2.22520354E-03 3.89089906E-03 3.53113935E-03
col=04|ses=0001|src=338-8|rup=003-01,17 19 26 32 33 43,6.52155973E-03 2.40644961E-02 3.03883791E-02 2.48241274E-02 1.64412480E-02 2.63230357E-03
