col=04|ses=0001|src=1339-26|rup=001-01,17 19 26,4.25939951E-01 1.08708142E-01 1.73181853E-03
col=04|ses=0001|src=258-16|rup=001-01,67 68 72 75 78,5.68509973E-02 3.52102108E-03 2.86624175E-03 5.22381040E-03 4.38844040E-03
col=04|ses=0001|src=338-8|rup=003-01,17 19 26 32 33 43,9.95672644E-03 3.87793767E-02 5.48942054E-02 3.81306085E-02 2.39619978E-02 4.07925969E-03
