LossType,Unit,Asset,Mean,Standard Deviation
fatalities,people,a1,1.1058992E+00,5.9682821E-01
fatalities,people,a2,7.9475462E+02,9.2854177E+02
fatalities,people,a3,1.1278869E+03,6.9815168E+02
