<?xml version="1.0" encoding="utf-8"?>
<nrml
xmlns="http://openquake.org/xmlns/nrml/0.4"
xmlns:gml="http://www.opengis.net/gml"
>
    <collapseMap>
        <CMNode>
            <gml:Point>
                <gml:pos>
                    81.2985 29.1098
                </gml:pos>
            </gml:Point>
            <cf assetRef="a1" mean="1.3149887E+01" stdDev="2.3862005E+01"/>
        </CMNode>
        <CMNode>
            <gml:Point>
                <gml:pos>
                    83.082298 27.9006
                </gml:pos>
            </gml:Point>
            <cf assetRef="a2" mean="2.5805595E+02" stdDev="2.5157607E+02"/>
        </CMNode>
        <CMNode>
            <gml:Point>
                <gml:pos>
                    85.747703 27.9015
                </gml:pos>
            </gml:Point>
            <cf assetRef="a3" mean="6.9088089E+02" stdDev="8.8318278E+02"/>
        </CMNode>
    </collapseMap>
</nrml>
