<?xml version="1.0" encoding="utf-8"?>
<nrml
xmlns="http://openquake.org/xmlns/nrml/0.5"
xmlns:gml="http://www.opengis.net/gml"
>
    <totalDmgDist>
        <damageStates>
            no_damage LS1 LS2
        </damageStates>
        <damage
        ds="no_damage"
        mean="2.0547963E+03"
        stddev="1.3468149E+03"
        >
            no_damage 2054.7963 1346.8149
        </damage>
        <damage
        ds="LS1"
        mean="2.4842249E+03"
        stddev="8.3452959E+02"
        >
            LS1 2484.2249 834.52959
        </damage>
        <damage
        ds="LS2"
        mean="1.4609788E+03"
        stddev="9.4200064E+02"
        >
            LS2 1460.9788 942.00064
        </damage>
    </totalDmgDist>
</nrml>
