<?xml version="1.0" encoding="utf-8"?>
<nrml
xmlns="http://openquake.org/xmlns/nrml/0.5"
xmlns:gml="http://www.opengis.net/gml"
>
    <dmgDistPerTaxonomy>
        <damageStates>
            no_damage LS1 LS2
        </damageStates>
        <DDNode>
            <taxonomy>
                RC
            </taxonomy>
            <damage
            ds="no_damage"
            mean="6.8054307E+02"
            stddev="6.9533348E+02"
            >
                no_damage 680.54307 695.33348
            </damage>
            <damage
            ds="LS1"
            mean="9.5038994E+02"
            stddev="3.9055504E+02"
            >
                LS1 950.38994 390.55504
            </damage>
            <damage
            ds="LS2"
            mean="3.6906699E+02"
            stddev="3.6733857E+02"
            >
                LS2 369.06699 367.33857
            </damage>
        </DDNode>
        <DDNode>
            <taxonomy>
                RM
            </taxonomy>
            <damage
            ds="no_damage"
            mean="1.3742533E+03"
            stddev="9.4761954E+02"
            >
                no_damage 1374.2533 947.61954
            </damage>
            <damage
            ds="LS1"
            mean="1.5338350E+03"
            stddev="6.0776699E+02"
            >
                LS1 1533.835 607.76699
            </damage>
            <damage
            ds="LS2"
            mean="1.0919118E+03"
            stddev="9.5475549E+02"
            >
                LS2 1091.9118 954.75549
            </damage>
        </DDNode>
    </dmgDistPerTaxonomy>
</nrml>
