lon,lat,asset_ref,average_loss,loss_type
8.129850E+01,2.910980E+01,a0,0.000000E+00:0.000000E+00:0.000000E+00 0.000000E+00:0.000000E+00:0.000000E+00 0.000000E+00:0.000000E+00:0.000000E+00 0.000000E+00:0.000000E+00:0.000000E+00,structural
8.308230E+01,2.790060E+01,a1,0.000000E+00:0.000000E+00:0.000000E+00 0.000000E+00:0.000000E+00:0.000000E+00 0.000000E+00:0.000000E+00:0.000000E+00 0.000000E+00:0.000000E+00:0.000000E+00,structural
8.574770E+01,2.790150E+01,a2,0.000000E+00:0.000000E+00:0.000000E+00 0.000000E+00:0.000000E+00:0.000000E+00 0.000000E+00:0.000000E+00:0.000000E+00 0.000000E+00:0.000000E+00:0.000000E+00,structural
8.574770E+01,2.790150E+01,a3,0.000000E+00:0.000000E+00:0.000000E+00 0.000000E+00:0.000000E+00:0.000000E+00 0.000000E+00:0.000000E+00:0.000000E+00 0.000000E+00:0.000000E+00:0.000000E+00,structural
