lon,lat,asset_ref,asset_value,average_loss,stddev_loss,loss_type
8.129850E+01,2.910980E+01,a0,9.000000E+01,8.033807E-02 6.810474E-02 6.810474E-02 8.033807E-02,,fatalities
8.308230E+01,2.790060E+01,a1,2.500000E+06,7.739663E+02 6.436149E+02 6.436149E+02 7.739663E+02,,fatalities
8.574770E+01,2.790150E+01,a2,1.000000E+07,1.634819E+03 1.525391E+03 1.525391E+03 1.634819E+03,,fatalities
8.574770E+01,2.790150E+01,a3,1.000000E+02,1.208547E-01 1.167602E-01 1.167602E-01 1.208547E-01,,fatalities
