lon,lat,asset_ref,asset_value,average_loss,stddev_loss,loss_type
8.129850E+01,2.910980E+01,a0,1.500000E+04,1.610975E+01 8.836643E+00 8.836643E+00 1.610975E+01,,nonstructural
8.308230E+01,2.790060E+01,a1,1.000000E+04,4.094859E+00 3.972254E+00 3.972254E+00 4.094859E+00,,nonstructural
8.574770E+01,2.790150E+01,a2,5.000000E+03,3.143734E+00 3.051254E+00 3.051254E+00 3.143734E+00,,nonstructural
8.574770E+01,2.790150E+01,a3,2.500000E+03,3.532022E+00 3.270741E+00 3.270741E+00 3.532022E+00,,nonstructural
