lon,lat,asset_ref,asset_value,average_loss,stddev_loss,loss_type
8.129850E+01,2.910980E+01,a0,7.500000E+03,1.359086E+01 1.117936E+01 1.117936E+01 1.359086E+01,,contents
8.308230E+01,2.790060E+01,a1,5.000000E+03,5.302338E+00 4.922842E+00 4.922842E+00 5.302338E+00,,contents
8.574770E+01,2.790150E+01,a2,2.500000E+03,7.132870E+00 6.950348E+00 6.950348E+00 7.132870E+00,,contents
8.574770E+01,2.790150E+01,a3,1.250000E+03,3.128348E+00 3.013883E+00 3.013883E+00 3.128348E+00,,contents
