asset_ref:|S20:,lon:float64:,poe~0.9:float64:,lat:float64:,poe~0.5:float64:,poe~0.1:float64:
a0,8.129850E+01,0.000000E+00,2.910980E+01,0.000000E+00,2.435487E+03
a1,8.308230E+01,0.000000E+00,2.790060E+01,0.000000E+00,9.235783E+02
a2,8.574770E+01,0.000000E+00,2.790150E+01,0.000000E+00,7.433785E+02
a3,8.574770E+01,0.000000E+00,2.790150E+01,0.000000E+00,3.946417E+02
