lat:float64:,lon:float64:
2.91098000E+01,8.12985000E+01
2.79006000E+01,8.30822980E+01
2.79015000E+01,8.57477030E+01
