0,8.12985000E+01,2.91098000E+01,7.60000000E+02,True,1.00000000E+02,5.00000000E+00,False
1,8.30822980E+01,2.79006000E+01,7.60000000E+02,True,1.00000000E+02,5.00000000E+00,False
2,8.57477030E+01,2.79015000E+01,7.60000000E+02,True,1.00000000E+02,5.00000000E+00,False
